// Jest Snapshot v1, https://goo.gl/fbAQLP

exports[`<RegisterPage /> renders RegisterPage 1`] = `
<ReduxForm
  onSubmit={[Function]}
/>
`;
